../Core/Src/usart.c:43:6:MX_USART1_UART_Init	8	static
../Core/Src/usart.c:74:6:MX_USART3_UART_Init	8	static
../Core/Src/usart.c:104:6:HAL_UART_MspInit	56	static
../Core/Src/usart.c:161:6:HAL_UART_MspDeInit	16	static
../Core/Src/usart.c:205:6:USART_transmit_data	24	static
../Core/Src/usart.c:210:6:USART_receive_data	24	static
../Core/Src/usart.c:215:6:RS485_transmit_data	16	static
../Core/Src/usart.c:235:6:RS485_create_packet	32	static
../Core/Src/usart.c:274:9:RS485_decode_packet	32	static
../Core/Src/usart.c:292:6:HAL_UART_RxCpltCallback	16	static
